// Jest Snapshot v1, https://goo.gl/fbAQLP

exports[`Header renders without crashing 1`] = `
<div>
  <div>
    <div
      class="callout primary"
      id="Header"
    >
      <div
        class="row column"
      >
        <button
          class="logouButton"
        >
          logout
           
        </button>
      </div>
    </div>
  </div>
</div>
`;
